---
source: crates/vim9-gen/src/lib.rs
assertion_line: 1829
expression: "generate(contents, ParserOpts { mode: ParserMode::Standalone }).unwrap().lua"
---
----------------------------------------
-- This file is generated via github.com/tjdevries/vim9jit
-- For any bugs, please first consider reporting there.
----------------------------------------

local NVIM9 = require("_vim9script")
local __VIM9_MODULE = {}
-- vim9script

local x = 1 + 2
print(x)

local literal = NVIM9.fn["charcol"](".") - 1
print(literal)

local func_call = NVIM9.ops["Minus"](MyFunc(), 1)
print(func_call)
return __VIM9_MODULE

