---
source: crates/vim9-gen/src/lib.rs
assertion_line: 1834
expression: "generate(contents, ParserOpts { mode: ParserMode::Standalone }).unwrap().lua"
---
----------------------------------------
-- This file is generated via github.com/tjdevries/vim9jit
-- For any bugs, please first consider reporting there.
----------------------------------------

local NVIM9 = require('_vim9script')
local __VIM9_MODULE = {}
-- vim9script

vim.g['my_var'] = 1 + 2
print(vim.g['my_var'])
return __VIM9_MODULE

