---
source: crates/vim9-gen/src/lib.rs
assertion_line: 1840
expression: "generate(contents, ParserOpts { mode: ParserMode::Standalone }).unwrap().lua"
---
----------------------------------------
-- This file is generated via github.com/tjdevries/vim9jit
-- For any bugs, please first consider reporting there.
----------------------------------------

local NVIM9 = require('_vim9script')
local __VIM9_MODULE = {}
local x = nil
-- vim9script

x = true
if NVIM9.bool(x) then
  print(x)
end
return __VIM9_MODULE

