---
source: crates/vim9-gen/src/lib.rs
assertion_line: 1832
expression: "generate(contents, ParserOpts { mode: ParserMode::Standalone }).unwrap().lua"
---
----------------------------------------
-- This file is generated via github.com/tjdevries/vim9jit
-- For any bugs, please first consider reporting there.
----------------------------------------

local NVIM9 = require("_vim9script")
local __VIM9_MODULE = {}
local MyCoolFunc = nil
-- vim9script

MyCoolFunc = function()
  return 5
end

local x = NVIM9.ops["Plus"](MyCoolFunc(), 1)
return __VIM9_MODULE

