---
source: crates/vim9-gen/src/lib.rs
assertion_line: 1838
expression: "generate(contents, ParserOpts { mode: ParserMode::Standalone }).unwrap().lua"
---
----------------------------------------
-- This file is generated via github.com/tjdevries/vim9jit
-- For any bugs, please first consider reporting there.
----------------------------------------

local NVIM9 = require('_vim9script')
local __VIM9_MODULE = {}
local ReturnsFive = nil
-- vim9script

ReturnsFive = function()
  return 5
end
__VIM9_MODULE['ReturnsFive'] = ReturnsFive
return __VIM9_MODULE

